// Jest Snapshot v1, https://goo.gl/fbAQLP

exports[`Matches snapshot isEdit 1`] = `
<form
  className="MuiBox-root css-1rr4qq7"
  onSubmit={[Function]}
>
  <div
    className="MuiFormControl-root MuiFormControl-fullWidth MuiTextField-root css-1r9zji8-MuiFormControl-root-MuiTextField-root"
  >
    <div
      className="MuiOutlinedInput-root MuiInputBase-root MuiInputBase-colorPrimary MuiInputBase-fullWidth MuiInputBase-formControl css-md26zr-MuiInputBase-root-MuiOutlinedInput-root"
      onClick={[Function]}
    >
      <input
        aria-invalid={false}
        autoFocus={false}
        className="MuiOutlinedInput-input MuiInputBase-input css-1t8l2tu-MuiInputBase-input-MuiOutlinedInput-input"
        disabled={false}
        id=":r0:"
        onAnimationStart={[Function]}
        onBlur={[Function]}
        onChange={[Function]}
        onFocus={[Function]}
        required={false}
        type="text"
        value="test todo"
      />
      <fieldset
        aria-hidden={true}
        className="MuiOutlinedInput-notchedOutline css-1d3z3hw-MuiOutlinedInput-notchedOutline"
      >
        <legend
          className="css-hdw1oc"
        >
          <span
            className="notranslate"
          >
            ​
          </span>
        </legend>
      </fieldset>
    </div>
  </div>
</form>
`;

exports[`Matches snapshot isNotEdit 1`] = `
<form
  className="MuiBox-root css-1rr4qq7"
  onSubmit={[Function]}
>
  <p
    className="MuiTypography-root MuiTypography-body1 css-1engj9y-MuiTypography-root"
  >
    test todo
  </p>
</form>
`;
