// Jest Snapshot v1, https://goo.gl/fbAQLP

exports[`Matches snapshot todo action 1`] = `
<div
  className="css-yd9qts"
>
  <button
    aria-label="edit todo"
    className="MuiButtonBase-root MuiIconButton-root MuiIconButton-colorInherit MuiIconButton-sizeMedium css-zylse7-MuiButtonBase-root-MuiIconButton-root"
    disabled={false}
    onBlur={[Function]}
    onClick={
      [MockFunction] {
        "calls": Array [
          Array [
            SyntheticBaseEvent {
              "_reactName": "onClick",
              "_targetInst": null,
              "altKey": false,
              "bubbles": true,
              "button": 0,
              "buttons": 1,
              "cancelable": true,
              "clientX": 0,
              "clientY": 0,
              "ctrlKey": false,
              "currentTarget": null,
              "defaultPrevented": false,
              "detail": 1,
              "eventPhase": 3,
              "getModifierState": [Function],
              "isDefaultPrevented": [Function],
              "isPropagationStopped": [Function],
              "isTrusted": false,
              "metaKey": false,
              "movementX": 0,
              "movementY": 0,
              "nativeEvent": MouseEvent {
                "isTrusted": false,
              },
              "pageX": undefined,
              "pageY": undefined,
              "relatedTarget": null,
              "screenX": 0,
              "screenY": 0,
              "shiftKey": false,
              "target": <button
                aria-label="edit todo"
                class="MuiButtonBase-root MuiIconButton-root MuiIconButton-colorInherit MuiIconButton-sizeMedium css-zylse7-MuiButtonBase-root-MuiIconButton-root"
                tabindex="0"
                type="button"
              >
                <svg
                  aria-hidden="true"
                  class="MuiSvgIcon-root MuiSvgIcon-fontSizeMedium css-i4bv87-MuiSvgIcon-root"
                  data-testid="EditIcon"
                  focusable="false"
                  viewBox="0 0 24 24"
                >
                  <path
                    d="M3 17.25V21h3.75L17.81 9.94l-3.75-3.75L3 17.25zM20.71 7.04c.39-.39.39-1.02 0-1.41l-2.34-2.34a.9959.9959 0 0 0-1.41 0l-1.83 1.83 3.75 3.75 1.83-1.83z"
                  />
                </svg>
                <span
                  class="MuiTouchRipple-root css-8je8zh-MuiTouchRipple-root"
                >
                  <span
                    class="css-y4cjyz-MuiTouchRipple-ripple MuiTouchRipple-ripple MuiTouchRipple-rippleVisible"
                    style="width: 1px; height: 1px; top: -0.5px; left: -0.5px;"
                  >
                    <span
                      class="MuiTouchRipple-child MuiTouchRipple-childLeaving"
                    />
                  </span>
                </span>
              </button>,
              "timeStamp": 1654000785484,
              "type": "click",
              "view": null,
            },
          ],
        ],
        "results": Array [
          Object {
            "type": "return",
            "value": undefined,
          },
        ],
      }
    }
    onContextMenu={[Function]}
    onDragLeave={[Function]}
    onFocus={[Function]}
    onKeyDown={[Function]}
    onKeyUp={[Function]}
    onMouseDown={[Function]}
    onMouseLeave={[Function]}
    onMouseUp={[Function]}
    onTouchEnd={[Function]}
    onTouchMove={[Function]}
    onTouchStart={[Function]}
    tabIndex={0}
    type="button"
  >
    <svg
      aria-hidden={true}
      className="MuiSvgIcon-root MuiSvgIcon-fontSizeMedium css-i4bv87-MuiSvgIcon-root"
      data-testid="EditIcon"
      focusable="false"
      viewBox="0 0 24 24"
    >
      <path
        d="M3 17.25V21h3.75L17.81 9.94l-3.75-3.75L3 17.25zM20.71 7.04c.39-.39.39-1.02 0-1.41l-2.34-2.34a.9959.9959 0 0 0-1.41 0l-1.83 1.83 3.75 3.75 1.83-1.83z"
      />
    </svg>
  </button>
  <button
    aria-label="delete todo"
    className="MuiButtonBase-root MuiIconButton-root MuiIconButton-colorInherit MuiIconButton-sizeMedium css-zylse7-MuiButtonBase-root-MuiIconButton-root"
    disabled={false}
    onBlur={[Function]}
    onClick={
      [MockFunction] {
        "calls": Array [
          Array [
            SyntheticBaseEvent {
              "_reactName": "onClick",
              "_targetInst": null,
              "altKey": false,
              "bubbles": true,
              "button": 0,
              "buttons": 1,
              "cancelable": true,
              "clientX": 0,
              "clientY": 0,
              "ctrlKey": false,
              "currentTarget": null,
              "defaultPrevented": false,
              "detail": 1,
              "eventPhase": 3,
              "getModifierState": [Function],
              "isDefaultPrevented": [Function],
              "isPropagationStopped": [Function],
              "isTrusted": false,
              "metaKey": false,
              "movementX": 0,
              "movementY": 0,
              "nativeEvent": MouseEvent {
                "isTrusted": false,
              },
              "pageX": undefined,
              "pageY": undefined,
              "relatedTarget": null,
              "screenX": 0,
              "screenY": 0,
              "shiftKey": false,
              "target": <button
                aria-label="delete todo"
                class="MuiButtonBase-root MuiIconButton-root MuiIconButton-colorInherit MuiIconButton-sizeMedium css-zylse7-MuiButtonBase-root-MuiIconButton-root"
                tabindex="0"
                type="button"
              >
                <svg
                  aria-hidden="true"
                  class="MuiSvgIcon-root MuiSvgIcon-fontSizeMedium css-i4bv87-MuiSvgIcon-root"
                  data-testid="DeleteIcon"
                  focusable="false"
                  viewBox="0 0 24 24"
                >
                  <path
                    d="M6 19c0 1.1.9 2 2 2h8c1.1 0 2-.9 2-2V7H6v12zM19 4h-3.5l-1-1h-5l-1 1H5v2h14V4z"
                  />
                </svg>
                <span
                  class="MuiTouchRipple-root css-8je8zh-MuiTouchRipple-root"
                >
                  <span
                    class="css-y4cjyz-MuiTouchRipple-ripple MuiTouchRipple-ripple MuiTouchRipple-rippleVisible"
                    style="width: 1px; height: 1px; top: -0.5px; left: -0.5px;"
                  >
                    <span
                      class="MuiTouchRipple-child MuiTouchRipple-childLeaving"
                    />
                  </span>
                </span>
              </button>,
              "timeStamp": 1654000785551,
              "type": "click",
              "view": null,
            },
          ],
        ],
        "results": Array [
          Object {
            "type": "return",
            "value": undefined,
          },
        ],
      }
    }
    onContextMenu={[Function]}
    onDragLeave={[Function]}
    onFocus={[Function]}
    onKeyDown={[Function]}
    onKeyUp={[Function]}
    onMouseDown={[Function]}
    onMouseLeave={[Function]}
    onMouseUp={[Function]}
    onTouchEnd={[Function]}
    onTouchMove={[Function]}
    onTouchStart={[Function]}
    tabIndex={0}
    type="button"
  >
    <svg
      aria-hidden={true}
      className="MuiSvgIcon-root MuiSvgIcon-fontSizeMedium css-i4bv87-MuiSvgIcon-root"
      data-testid="DeleteIcon"
      focusable="false"
      viewBox="0 0 24 24"
    >
      <path
        d="M6 19c0 1.1.9 2 2 2h8c1.1 0 2-.9 2-2V7H6v12zM19 4h-3.5l-1-1h-5l-1 1H5v2h14V4z"
      />
    </svg>
  </button>
  <button
    aria-label="check todo"
    className="MuiButtonBase-root MuiIconButton-root MuiIconButton-colorInherit MuiIconButton-sizeMedium css-zylse7-MuiButtonBase-root-MuiIconButton-root"
    disabled={false}
    onBlur={[Function]}
    onClick={
      [MockFunction] {
        "calls": Array [
          Array [
            SyntheticBaseEvent {
              "_reactName": "onClick",
              "_targetInst": null,
              "altKey": false,
              "bubbles": true,
              "button": 0,
              "buttons": 1,
              "cancelable": true,
              "clientX": 0,
              "clientY": 0,
              "ctrlKey": false,
              "currentTarget": null,
              "defaultPrevented": false,
              "detail": 1,
              "eventPhase": 3,
              "getModifierState": [Function],
              "isDefaultPrevented": [Function],
              "isPropagationStopped": [Function],
              "isTrusted": false,
              "metaKey": false,
              "movementX": 0,
              "movementY": 0,
              "nativeEvent": MouseEvent {
                "isTrusted": false,
              },
              "pageX": undefined,
              "pageY": undefined,
              "relatedTarget": null,
              "screenX": 0,
              "screenY": 0,
              "shiftKey": false,
              "target": <button
                aria-label="check todo"
                class="MuiButtonBase-root MuiIconButton-root MuiIconButton-colorInherit MuiIconButton-sizeMedium css-zylse7-MuiButtonBase-root-MuiIconButton-root"
                tabindex="0"
                type="button"
              >
                <svg
                  aria-hidden="true"
                  class="MuiSvgIcon-root MuiSvgIcon-fontSizeMedium css-i4bv87-MuiSvgIcon-root"
                  data-testid="CheckIcon"
                  focusable="false"
                  viewBox="0 0 24 24"
                >
                  <path
                    d="M9 16.17 4.83 12l-1.42 1.41L9 19 21 7l-1.41-1.41z"
                  />
                </svg>
                <span
                  class="MuiTouchRipple-root css-8je8zh-MuiTouchRipple-root"
                >
                  <span
                    class="css-y4cjyz-MuiTouchRipple-ripple MuiTouchRipple-ripple MuiTouchRipple-rippleVisible"
                    style="width: 1px; height: 1px; top: -0.5px; left: -0.5px;"
                  >
                    <span
                      class="MuiTouchRipple-child MuiTouchRipple-childLeaving"
                    />
                  </span>
                </span>
              </button>,
              "timeStamp": 1654000785605,
              "type": "click",
              "view": null,
            },
          ],
        ],
        "results": Array [
          Object {
            "type": "return",
            "value": undefined,
          },
        ],
      }
    }
    onContextMenu={[Function]}
    onDragLeave={[Function]}
    onFocus={[Function]}
    onKeyDown={[Function]}
    onKeyUp={[Function]}
    onMouseDown={[Function]}
    onMouseLeave={[Function]}
    onMouseUp={[Function]}
    onTouchEnd={[Function]}
    onTouchMove={[Function]}
    onTouchStart={[Function]}
    tabIndex={0}
    type="button"
  >
    <svg
      aria-hidden={true}
      className="MuiSvgIcon-root MuiSvgIcon-fontSizeMedium css-i4bv87-MuiSvgIcon-root"
      data-testid="CheckIcon"
      focusable="false"
      viewBox="0 0 24 24"
    >
      <path
        d="M9 16.17 4.83 12l-1.42 1.41L9 19 21 7l-1.41-1.41z"
      />
    </svg>
  </button>
</div>
`;
