// Jest Snapshot v1, https://goo.gl/fbAQLP

exports[`<InputField/> rendering renders correctly 1`] = `
<Styled(form)
  data-testid="form-field"
  onSubmit={[Function]}
>
  <Styled(ForwardRef(Input))
    data-testid="input-field"
    disableUnderline={true}
    inputRef={
      Object {
        "current": null,
      }
    }
    onChange={[Function]}
    placeholder="Enter a Task"
    size="small"
    value=""
  />
  <Styled(ForwardRef(Button))
    data-testid="submit-button"
    type="submit"
  >
    Go
  </Styled(ForwardRef(Button))>
</Styled(form)>
`;
