// Jest Snapshot v1, https://goo.gl/fbAQLP

exports[`Matches snapshot 1`] = `
<form
  className="css-1twqd9l"
  data-testid="input-field"
  onSubmit={[Function]}
>
  <div
    className="MuiInput-root MuiInputBase-root MuiInputBase-colorPrimary MuiInputBase-sizeSmall css-15bpqv6-MuiInputBase-root-MuiInput-root"
    onClick={[Function]}
  >
    <input
      className="MuiInput-input MuiInputBase-input MuiInputBase-inputSizeSmall css-nz481w-MuiInputBase-input-MuiInput-input"
      onAnimationStart={[Function]}
      onBlur={[Function]}
      onChange={[Function]}
      onFocus={[Function]}
      placeholder="Enter a Task"
      type="text"
      value=""
    />
  </div>
  <button
    className="MuiButton-root MuiButton-text MuiButton-textPrimary MuiButton-sizeMedium MuiButton-textSizeMedium MuiButtonBase-root css-139khv7-MuiButtonBase-root-MuiButton-root"
    data-testid="submit-input-field"
    disabled={false}
    onBlur={[Function]}
    onContextMenu={[Function]}
    onDragLeave={[Function]}
    onFocus={[Function]}
    onKeyDown={[Function]}
    onKeyUp={[Function]}
    onMouseDown={[Function]}
    onMouseLeave={[Function]}
    onMouseUp={[Function]}
    onTouchEnd={[Function]}
    onTouchMove={[Function]}
    onTouchStart={[Function]}
    tabIndex={0}
    type="submit"
  >
    Go
  </button>
</form>
`;
